presenter: started
statista: got request
statista: got response
seq: 0 rtt: 374.494µs
statista: got request
statista: got response
seq: 1 rtt: 141.389µs
statista: got request
statista: got response
seq: 2 rtt: 27.142µs
statista: got request
statista: got response
seq: 3 rtt: 21.679µs
statista: got request
statista: got response
seq: 4 rtt: 25.933µs
statista: got request
statista: got response
seq: 5 rtt: 23.047µs
statista: got request
statista: got response
seq: 6 rtt: 24.465µs
statista: got request
statista: got response
seq: 7 rtt: 23.543µs
statista: got request
statista: got response
seq: 8 rtt: 22.845µs
statista: got request
statista: got response
generator: all generated going out
seq: 9 rtt: 22.553µs
tx: generator finished
rx: got signal, going out
statista: finished receiving

RTT statistics:
min = 21.679µs
med = 24.465µs
avg = 70.709µs
std_dev = 107.16µs
max = 374.494µs
presenter: finished
